// Jest Snapshot v1, https://goo.gl/fbAQLP

exports[`Snapshots Example default 1`] = `
<span>
  <div>
    Example
  </div>
</span>
`;
