// Jest Snapshot v1, https://goo.gl/fbAQLP

exports[`Snapshots UpgradeModal default 1`] = `
<span>
  <div
    style={
      Object {
        "alignItems": "center",
        "display": "flex",
        "flexDirection": "column",
        "height": "100vh",
        "justifyContent": "center",
        "left": 0,
        "position": "absolute",
        "top": 0,
        "width": "100vw",
      }
    }
  >
    <div
      style={
        Object {
          "bottom": undefined,
          "left": undefined,
          "position": "absolute",
          "right": undefined,
          "top": undefined,
          "zIndex": 3000,
        }
      }
    >
      <div
        onMouseEnter={undefined}
        onMouseLeave={undefined}
        style={
          Object {
            "backgroundColor": "#fff",
            "border": "0.063rem solid #e6ebef",
            "borderRadius": "0.126rem",
            "fontSize": "0.9rem",
            "lineHeight": 1.5,
            "padding": "1.5rem",
            "transition": "box-shadow 0.2s linear",
          }
        }
      >
        <div
          style={
            Object {
              "margin": "0 25px",
              "width": "550px",
            }
          }
        >
          <div
            style={
              Object {
                "margin": "0 0 1rem 0",
                "textAlign": "center",
              }
            }
          >
            <span
              style={
                Object {
                  "color": "#323b43",
                  "fontFamily": "\\"Roboto\\", sans-serif",
                  "fontSize": "1.25rem",
                  "fontWeight": 400,
                }
              }
            >
              Upgrade to the Pro Plan!
            </span>
          </div>
          <div
            style={
              Object {
                "display": "flex",
              }
            }
          >
            <div
              style={
                Object {
                  "flex": "1",
                }
              }
            >
              <ul
                style={
                  Object {
                    "marginRight": "1.2rem",
                    "padding": "0 1rem",
                  }
                }
              >
                <li
                  style={
                    Object {
                      "marginBottom": "0.75rem",
                    }
                  }
                >
                  <span
                    style={
                      Object {
                        "color": "#59626a",
                        "fontFamily": "\\"Roboto\\", sans-serif",
                        "fontSize": "1rem",
                        "fontWeight": 400,
                      }
                    }
                  >
                    Connect up to 8 social accounts, including Pinterest
                  </span>
                </li>
                <li
                  style={
                    Object {
                      "marginBottom": "0.75rem",
                    }
                  }
                >
                  <span
                    style={
                      Object {
                        "color": "#59626a",
                        "fontFamily": "\\"Roboto\\", sans-serif",
                        "fontSize": "1rem",
                        "fontWeight": 400,
                      }
                    }
                  >
                    Get powerful post filtering on your recent posts
                  </span>
                </li>
                <li
                  style={
                    Object {
                      "marginBottom": "0.75rem",
                    }
                  }
                >
                  <span
                    style={
                      Object {
                        "color": "#59626a",
                        "fontFamily": "\\"Roboto\\", sans-serif",
                        "fontSize": "1rem",
                        "fontWeight": 400,
                      }
                    }
                  >
                    Curate your content with RSS integrations
                  </span>
                </li>
              </ul>
            </div>
            <div
              style={
                Object {
                  "flex": "1",
                }
              }
            >
              <ul
                style={
                  Object {
                    "padding": "0 1rem",
                  }
                }
              >
                <li
                  style={
                    Object {
                      "marginBottom": "0.75rem",
                    }
                  }
                >
                  <span
                    style={
                      Object {
                        "color": "#59626a",
                        "fontFamily": "\\"Roboto\\", sans-serif",
                        "fontSize": "1rem",
                        "fontWeight": 400,
                      }
                    }
                  >
                    Schedule 100 posts per social account
                  </span>
                </li>
                <li
                  style={
                    Object {
                      "marginBottom": "0.75rem",
                    }
                  }
                >
                  <span
                    style={
                      Object {
                        "color": "#59626a",
                        "fontFamily": "\\"Roboto\\", sans-serif",
                        "fontSize": "1rem",
                        "fontWeight": 400,
                      }
                    }
                  >
                    Manage everything at a glance with the Social Media Calendar
                  </span>
                </li>
                <li
                  style={
                    Object {
                      "marginBottom": "0.75rem",
                    }
                  }
                >
                  <span
                    style={
                      Object {
                        "color": "#59626a",
                        "fontFamily": "\\"Roboto\\", sans-serif",
                        "fontSize": "1rem",
                        "fontWeight": 400,
                      }
                    }
                  >
                    Shorten your links with Bitly
                  </span>
                </li>
              </ul>
            </div>
          </div>
          <hr
            style={
              Object {
                "background": "#e6ebef",
                "border": "none",
                "boxSizing": "border-box",
                "height": "0.063rem",
                "marginBottom": "1.5rem",
                "marginTop": "",
                "width": "100%",
              }
            }
          />
          <div
            style={
              Object {
                "display": "flex",
              }
            }
          >
            <button
              onClick={[Function]}
              style={
                Object {
                  "background": "white",
                  "border": "1px solid #e6ebef",
                  "borderRadius": "0.126rem",
                  "cursor": "pointer",
                  "display": "block",
                  "flex": "1",
                  "marginRight": "25px",
                  "padding": "0.8rem 0.25rem",
                  "position": "relative",
                }
              }
            >
              <span
                style={
                  Object {
                    "color": "#666c72",
                    "fontFamily": "\\"Roboto\\", sans-serif",
                    "fontSize": "1.25rem",
                    "fontWeight": 700,
                  }
                }
              >
                $15 per month
              </span>
              <br />
              <span
                style={
                  Object {
                    "color": "#666c72",
                    "fontFamily": "\\"Roboto\\", sans-serif",
                    "fontSize": "0.75rem",
                    "fontWeight": 400,
                  }
                }
              >
                Cancel and get a refund any time
              </span>
            </button>
            <button
              onClick={[Function]}
              style={
                Object {
                  "background": "#168eea",
                  "border": "1px solid transparent",
                  "borderRadius": "0.126rem",
                  "cursor": "pointer",
                  "display": "block",
                  "flex": "1",
                  "marginRight": 0,
                  "padding": "0.8rem 0.25rem",
                  "position": "relative",
                }
              }
            >
              <span
                style={
                  Object {
                    "color": "#fff",
                    "fontFamily": "\\"Roboto\\", sans-serif",
                    "fontSize": "1.25rem",
                    "fontWeight": 700,
                  }
                }
              >
                $144 per year
              </span>
              <br />
              <span
                style={
                  Object {
                    "color": "#fff",
                    "fontFamily": "\\"Roboto\\", sans-serif",
                    "fontSize": "0.75rem",
                    "fontWeight": 400,
                  }
                }
              >
                Save 15% vs paying monthly
              </span>
              <div
                style={
                  Object {
                    "left": "15px",
                    "position": "absolute",
                    "top": "50%",
                    "transform": "translateY(-11px)",
                  }
                }
              >
                <svg
                  height="100%"
                  style={
                    Object {
                      "fill": "#fff",
                      "height": "22px",
                      "width": "22px",
                    }
                  }
                  version="1.1"
                  viewBox="0 0 16 16"
                  width="100%"
                  xmlns="http://www.w3.org/2000/svg"
                  xmlnsXlink="http://www.w3.org/1999/xlink"
                >
                  <g
                    className="white"
                  >
                    <path
                      d="M8,15.976 C3.59497684,15.976 0.024,12.4050232 0.024,8 C0.024,3.59497684 3.59497684,0.024 8,0.024 C12.4050232,0.024 15.976,3.59497684 15.976,8 C15.976,12.4050232 12.4050232,15.976 8,15.976 Z M4.84201948,7.87755339 C4.44877253,8.27080035 4.45446122,8.90420869 4.84864429,9.29839176 L6.24960824,10.6993557 C6.64984179,11.0995893 7.28084969,11.0955774 7.67251796,10.7039092 L11.2039092,7.17251796 C11.6034584,6.7729687 11.5965048,6.14675734 11.2059805,5.75623305 C10.8127336,5.36298609 10.1823522,5.36564781 9.79190308,5.75609692 L6.96333983,8.58466017 L6.25623305,7.87755339 C5.86298609,7.48430644 5.23254378,7.4870291 4.84201948,7.87755339 Z"
                    />
                  </g>
                </svg>
              </div>
            </button>
          </div>
          <div
            style={
              Object {
                "margin": "1.5rem 0 1rem",
                "textAlign": "center",
              }
            }
          >
            <span
              style={
                Object {
                  "color": "#59626a",
                  "fontFamily": "\\"Roboto\\", sans-serif",
                  "fontSize": "1rem",
                  "fontWeight": 400,
                }
              }
            >
              Enter your payment details securely
               
              <svg
                height="100%"
                style={
                  Object {
                    "fill": "#2fd566",
                    "height": "1rem",
                    "width": "1rem",
                  }
                }
                version="1.1"
                viewBox="0 0 16 16"
                width="100%"
                xmlns="http://www.w3.org/2000/svg"
                xmlnsXlink="http://www.w3.org/1999/xlink"
              >
                <g
                  className="shamrock"
                >
                  <path
                    d="M13,7 L13.9931545,7 C14.5492199,7 15,7.4463114 15,7.99754465 L15,15.0026639 C15,15.5534774 14.5500512,16 13.9931545,16 L2.00684547,16 C1.45078007,16 1,15.5468246 1,15.0026639 L1,7.99754465 C1,7.44661595 1.44994876,7 2.00684547,7 L3,7 L3,4.99668583 C3,2.23709245 5.24419519,0 8,0 C10.7614237,0 13,2.24157855 13,4.99668583 L13,7 Z M11,7 L11,4.99668583 C11,3.34461797 9.6553241,2 8,2 C6.34618032,2 5,3.34424456 5,4.99668583 L5,7 L11,7 Z"
                  />
                </g>
              </svg>
            </span>
          </div>
          <div
            style={
              Object {
                "display": "flex",
              }
            }
          >
            <div
              style={
                Object {
                  "flex": 1,
                  "paddingRight": "25px",
                }
              }
            >
              <div>
                <label
                  htmlFor="name"
                  style={
                    Object {
                      "display": "block",
                      "padding": "0 0 0.25rem 0",
                    }
                  }
                >
                  <span
                    style={
                      Object {
                        "color": "#59626a",
                        "fontFamily": "\\"Roboto\\", sans-serif",
                        "fontSize": "0.75rem",
                        "fontWeight": 400,
                      }
                    }
                  >
                    Name on card
                  </span>
                </label>
                <input
                  autoComplete="off"
                  id="name"
                  onBlur={[Function]}
                  onFocus={[Function]}
                  onKeyUp={[Function]}
                  style={
                    Object {
                      "background": "#fff",
                      "border": "1px solid #ced7df",
                      "borderRadius": "0.126rem",
                      "boxSizing": "border-box",
                      "fontFamily": "\\"Roboto\\", sans-serif",
                      "fontSize": "1rem",
                      "outline": 0,
                      "padding": "0.5rem",
                      "width": "100%",
                    }
                  }
                  type="text"
                />
              </div>
            </div>
            <div
              style={
                Object {
                  "flex": 1,
                }
              }
            >
              <div>
                <label
                  htmlFor="number"
                  style={
                    Object {
                      "display": "block",
                      "padding": "0 0 0.25rem 0",
                    }
                  }
                >
                  <span
                    style={
                      Object {
                        "color": "#59626a",
                        "fontFamily": "\\"Roboto\\", sans-serif",
                        "fontSize": "0.75rem",
                        "fontWeight": 400,
                      }
                    }
                  >
                    Card number
                  </span>
                </label>
                <input
                  autoComplete="off"
                  id="number"
                  onBlur={[Function]}
                  onFocus={[Function]}
                  onKeyUp={[Function]}
                  style={
                    Object {
                      "background": "#fff",
                      "border": "1px solid #ced7df",
                      "borderRadius": "0.126rem",
                      "boxSizing": "border-box",
                      "fontFamily": "\\"Roboto\\", sans-serif",
                      "fontSize": "1rem",
                      "outline": 0,
                      "padding": "0.5rem",
                      "width": "100%",
                    }
                  }
                  type="text"
                />
              </div>
            </div>
          </div>
          <div
            style={
              Object {
                "display": "flex",
                "marginTop": "1rem",
              }
            }
          >
            <div
              style={
                Object {
                  "flex": 1,
                  "paddingRight": "25px",
                }
              }
            >
              <div>
                <label
                  htmlFor="expMonth"
                  style={
                    Object {
                      "display": "block",
                      "padding": "0 0 0.25rem 0",
                    }
                  }
                >
                  <span
                    style={
                      Object {
                        "color": "#59626a",
                        "fontFamily": "\\"Roboto\\", sans-serif",
                        "fontSize": "0.75rem",
                        "fontWeight": 400,
                      }
                    }
                  >
                    Expiration month
                  </span>
                </label>
                <select
                  id="expMonth"
                  name="expMonth"
                  onChange={[Function]}
                  style={
                    Object {
                      "border": "0.063rem solid #ced7df",
                      "borderRadius": "0.126rem",
                      "boxSizing": "border-box",
                      "fontFamily": "\\"Roboto\\", sans-serif",
                      "fontSize": "1rem",
                      "height": "37px",
                      "padding": "0.5rem",
                      "width": "100%",
                    }
                  }
                >
                  <option />
                  <option
                    value="01"
                  >
                    1 - Jan
                  </option>
                  <option
                    value="02"
                  >
                    2 - Feb
                  </option>
                  <option
                    value="03"
                  >
                    3 - Mar
                  </option>
                  <option
                    value="04"
                  >
                    4 - Apr
                  </option>
                  <option
                    value="05"
                  >
                    5 - May
                  </option>
                  <option
                    value="06"
                  >
                    6 - Jun
                  </option>
                  <option
                    value="07"
                  >
                    7 - Jul
                  </option>
                  <option
                    value="08"
                  >
                    8 - Aug
                  </option>
                  <option
                    value="09"
                  >
                    9 - Sep
                  </option>
                  <option
                    value="10"
                  >
                    10 - Oct
                  </option>
                  <option
                    value="11"
                  >
                    11 - Nov
                  </option>
                  <option
                    value="12"
                  >
                    12 - Dec
                  </option>
                </select>
              </div>
            </div>
            <div
              style={
                Object {
                  "flex": 1,
                  "paddingRight": "25px",
                }
              }
            >
              <div>
                <label
                  htmlFor="expYear"
                  style={
                    Object {
                      "display": "block",
                      "padding": "0 0 0.25rem 0",
                    }
                  }
                >
                  <span
                    style={
                      Object {
                        "color": "#59626a",
                        "fontFamily": "\\"Roboto\\", sans-serif",
                        "fontSize": "0.75rem",
                        "fontWeight": 400,
                      }
                    }
                  >
                    Expiration year
                  </span>
                </label>
                <select
                  id="expYear"
                  name="expYear"
                  onChange={[Function]}
                  style={
                    Object {
                      "border": "0.063rem solid #ced7df",
                      "borderRadius": "0.126rem",
                      "boxSizing": "border-box",
                      "fontFamily": "\\"Roboto\\", sans-serif",
                      "fontSize": "1rem",
                      "height": "37px",
                      "padding": "0.5rem",
                      "width": "100%",
                    }
                  }
                >
                  <option />
                  <option
                    value={2018}
                  >
                    2018
                  </option>
                  <option
                    value={2019}
                  >
                    2019
                  </option>
                  <option
                    value={2020}
                  >
                    2020
                  </option>
                  <option
                    value={2021}
                  >
                    2021
                  </option>
                  <option
                    value={2022}
                  >
                    2022
                  </option>
                  <option
                    value={2023}
                  >
                    2023
                  </option>
                  <option
                    value={2024}
                  >
                    2024
                  </option>
                  <option
                    value={2025}
                  >
                    2025
                  </option>
                  <option
                    value={2026}
                  >
                    2026
                  </option>
                  <option
                    value={2027}
                  >
                    2027
                  </option>
                  <option
                    value={2028}
                  >
                    2028
                  </option>
                  <option
                    value={2029}
                  >
                    2029
                  </option>
                  <option
                    value={2030}
                  >
                    2030
                  </option>
                  <option
                    value={2031}
                  >
                    2031
                  </option>
                  <option
                    value={2032}
                  >
                    2032
                  </option>
                  <option
                    value={2033}
                  >
                    2033
                  </option>
                  <option
                    value={2034}
                  >
                    2034
                  </option>
                  <option
                    value={2035}
                  >
                    2035
                  </option>
                  <option
                    value={2036}
                  >
                    2036
                  </option>
                  <option
                    value={2037}
                  >
                    2037
                  </option>
                  <option
                    value={2038}
                  >
                    2038
                  </option>
                  <option
                    value={2039}
                  >
                    2039
                  </option>
                  <option
                    value={2040}
                  >
                    2040
                  </option>
                  <option
                    value={2041}
                  >
                    2041
                  </option>
                  <option
                    value={2042}
                  >
                    2042
                  </option>
                  <option
                    value={2043}
                  >
                    2043
                  </option>
                </select>
              </div>
            </div>
            <div
              style={
                Object {
                  "flex": 1,
                  "paddingRight": "25px",
                  "position": "relative",
                }
              }
            >
              <div>
                <label
                  htmlFor="cvc"
                  style={
                    Object {
                      "display": "block",
                      "padding": "0 0 0.25rem 0",
                    }
                  }
                >
                  <span
                    style={
                      Object {
                        "color": "#59626a",
                        "fontFamily": "\\"Roboto\\", sans-serif",
                        "fontSize": "0.75rem",
                        "fontWeight": 400,
                      }
                    }
                  >
                    Security code
                  </span>
                </label>
                <input
                  autoComplete="off"
                  id="cvc"
                  onBlur={[Function]}
                  onFocus={[Function]}
                  onKeyUp={[Function]}
                  style={
                    Object {
                      "background": "right 6px center no-repeat url('data:image/svg+xml;utf8,<svg width=\\"31\\" height=\\"21\\" fill=\\"none\\" xmlns=\\"http://www.w3.org/2000/svg\\"><path fill=\\"%23fff\\" d=\\"M0 0h31v21H0z\\"/><rect width=\\"31\\" height=\\"21\\" rx=\\"3\\" fill=\\"%232D98C8\\"/><path fill=\\"%23343E47\\" d=\\"M0 3h31v3H0z\\"/><path fill=\\"%23fff\\" d=\\"M6 9h20v4H6z\\"/><path fill=\\"%23FD232B\\" d=\\"M20 10h5v2h-5z\\"/></svg>')",
                      "border": "1px solid #ced7df",
                      "borderRadius": "0.126rem",
                      "boxSizing": "border-box",
                      "fontFamily": "\\"Roboto\\", sans-serif",
                      "fontSize": "1rem",
                      "outline": 0,
                      "padding": "0.5rem",
                      "width": "100%",
                    }
                  }
                  type="text"
                />
              </div>
            </div>
            <div
              style={
                Object {
                  "flex": 1,
                }
              }
            >
              <div>
                <label
                  htmlFor="addressZip"
                  style={
                    Object {
                      "display": "block",
                      "padding": "0 0 0.25rem 0",
                    }
                  }
                >
                  <span
                    style={
                      Object {
                        "color": "#59626a",
                        "fontFamily": "\\"Roboto\\", sans-serif",
                        "fontSize": "0.75rem",
                        "fontWeight": 400,
                      }
                    }
                  >
                    Zip code
                  </span>
                </label>
                <input
                  autoComplete="off"
                  id="addressZip"
                  onBlur={[Function]}
                  onFocus={[Function]}
                  onKeyUp={[Function]}
                  style={
                    Object {
                      "background": "#fff",
                      "border": "1px solid #ced7df",
                      "borderRadius": "0.126rem",
                      "boxSizing": "border-box",
                      "fontFamily": "\\"Roboto\\", sans-serif",
                      "fontSize": "1rem",
                      "outline": 0,
                      "padding": "0.5rem",
                      "width": "100%",
                    }
                  }
                  type="text"
                />
                <span
                  style={
                    Object {
                      "color": "#59626a",
                      "fontFamily": "\\"Roboto\\", sans-serif",
                      "fontSize": "0.5rem",
                      "fontWeight": 400,
                    }
                  }
                >
                  Leave blank for non-US cards
                </span>
              </div>
            </div>
          </div>
          <div
            style={
              Object {
                "margin": "2rem 0 0",
                "textAlign": "center",
              }
            }
          >
            <button
              aria-label={null}
              disabled={undefined}
              onBlur={[Function]}
              onClick={undefined}
              onFocus={[Function]}
              onMouseEnter={[Function]}
              onMouseLeave={[Function]}
              style={
                Object {
                  "backgroundColor": "#168eea",
                  "border": "0.063rem solid transparent",
                  "borderRadius": "2rem",
                  "color": "#fff",
                  "cursor": "pointer",
                  "display": "inline-block",
                  "fontFamily": "\\"Roboto\\", sans-serif",
                  "fontSize": "1rem",
                  "fontWeight": 400,
                  "margin": "0",
                  "outline": "none",
                  "padding": "0.5rem 2rem",
                  "transition": "background-color 0.2s linear",
                }
              }
            >
              Upgrade to the Pro Plan!
            </button>
            <br />
            <br />
            <button
              aria-label={null}
              disabled={undefined}
              onBlur={[Function]}
              onClick={undefined}
              onFocus={[Function]}
              onMouseEnter={[Function]}
              onMouseLeave={[Function]}
              style={
                Object {
                  "backgroundColor": "transparent",
                  "border": 0,
                  "borderColor": "#168eea",
                  "borderRadius": "2rem",
                  "color": "#168eea",
                  "cursor": "pointer",
                  "display": "inline-block",
                  "fontFamily": "\\"Roboto\\", sans-serif",
                  "fontSize": "1rem",
                  "fontWeight": 400,
                  "margin": "0",
                  "outline": "none",
                  "padding": "0.5rem 2rem",
                  "transition": "background-color 0.2s linear",
                }
              }
            >
              Stay on the Free Plan for now
            </button>
          </div>
        </div>
      </div>
    </div>
    <div
      onClick={undefined}
      style={
        Object {
          "backgroundColor": "rgba(50, 59, 67, 0.8)",
          "bottom": 0,
          "left": 0,
          "opacity": 1,
          "position": "absolute",
          "right": 0,
          "top": 0,
          "zIndex": 2000,
        }
      }
    />
  </div>
</span>
`;
