// Jest Snapshot v1, https://goo.gl/fbAQLP

exports[`Snapshots ProfileSettings default 1`] = `
<span>
  <div>
    <div
      style={
        Object {
          "marginBottom": "1.5rem",
          "width": "100%",
        }
      }
    >
      <span
        style={
          Object {
            "color": "#59626a",
            "fontFamily": "\\"Open Sans\\", sans-serif",
            "fontSize": "1rem",
            "fontWeight": 400,
          }
        }
      >
        Your posting schedule for @joelgascoigne
      </span>
      <hr
        style={
          Object {
            "background": "#e6ebef",
            "border": "none",
            "boxSizing": "border-box",
            "height": "0.063rem",
            "marginBottom": "0.5rem",
            "marginTop": "0.5rem",
            "width": "100%",
          }
        }
      />
      <div>
        Test copy
      </div>
    </div>
  </div>
</span>
`;
