// Jest Snapshot v1, https://goo.gl/fbAQLP

exports[`Snapshots Edit email modal modal 1`] = `
<span>
  <div
    style={
      Object {
        "maxWidth": "800px",
      }
    }
  >
    <div
      style={
        Object {
          "alignItems": "center",
          "display": "flex",
          "flexDirection": "column",
          "height": "100vh",
          "justifyContent": "center",
          "left": 0,
          "position": "absolute",
          "top": 0,
          "width": "100vw",
        }
      }
    >
      <div
        style={
          Object {
            "bottom": undefined,
            "left": undefined,
            "position": "absolute",
            "right": undefined,
            "top": undefined,
            "zIndex": 3000,
          }
        }
      >
        <div
          style={
            Object {
              "margin": "0 25px",
              "width": "30rem",
            }
          }
        >
          <div
            onMouseEnter={undefined}
            onMouseLeave={undefined}
            style={
              Object {
                "backgroundColor": "#fff",
                "border": "0.063rem solid #e6ebef",
                "borderRadius": "0.126rem",
                "color": "#323b43",
                "fontSize": "0.9rem",
                "lineHeight": 1.5,
                "padding": "1.5rem",
                "transition": "box-shadow 0.2s linear",
              }
            }
          >
            <div
              style={
                Object {
                  "textAlign": "center",
                }
              }
            >
              <span
                style={
                  Object {
                    "display": "block",
                  }
                }
              >
                <span
                  style={
                    Object {
                      "color": "#323b43",
                      "fontFamily": "\\"Roboto\\", sans-serif",
                      "fontSize": "1.25rem",
                      "fontWeight": 400,
                    }
                  }
                >
                  Edit your email address
                </span>
              </span>
              <span
                style={
                  Object {
                    "display": "block",
                    "margin": ".75rem 0 1rem 0",
                  }
                }
              >
                <span
                  style={
                    Object {
                      "color": "#59626a",
                      "fontFamily": "\\"Roboto\\", sans-serif",
                      "fontSize": "1rem",
                      "fontWeight": 400,
                    }
                  }
                >
                  Your current email address is 
                  <span
                    style={
                      Object {
                        "color": "#59626a",
                        "fontFamily": "\\"Roboto\\", sans-serif",
                        "fontSize": "1rem",
                        "fontWeight": 400,
                      }
                    }
                  >
                    hello@bufferapp.com
                  </span>
                </span>
              </span>
            </div>
            <form
              style={
                Object {
                  "padding": "0 2.5rem",
                }
              }
            >
              <div>
                <input
                  disabled={undefined}
                  onBlur={undefined}
                  onChange={[Function]}
                  onFocus={undefined}
                  placeholder="Enter your email address"
                  style={
                    Object {
                      "border": "0.063rem solid #ced7df",
                      "borderRadius": "0.126rem",
                      "boxSizing": "border-box",
                      "fontFamily": "\\"Roboto\\", sans-serif",
                      "fontSize": "1rem",
                      "outline": 0,
                      "padding": "0.5rem",
                      "width": "100%",
                    }
                  }
                  type="email"
                  value={undefined}
                />
              </div>
              <div
                style={
                  Object {
                    "alignItems": "center",
                    "display": "flex",
                    "justifyContent": "space-around",
                    "margin": "1.5rem 0",
                  }
                }
              >
                <button
                  aria-label={null}
                  disabled={undefined}
                  onBlur={[Function]}
                  onClick={[Function]}
                  onFocus={[Function]}
                  onMouseEnter={[Function]}
                  onMouseLeave={[Function]}
                  style={
                    Object {
                      "backgroundColor": "transparent",
                      "border": "0.063rem solid transparent",
                      "borderColor": "#ced7df",
                      "borderRadius": "2rem",
                      "color": "#323b43",
                      "cursor": "pointer",
                      "display": "inline-block",
                      "fontFamily": "\\"Roboto\\", sans-serif",
                      "fontSize": "1rem",
                      "fontWeight": 400,
                      "margin": "0",
                      "outline": "none",
                      "padding": "0.5rem 2rem",
                      "transition": "background-color 0.2s linear",
                    }
                  }
                >
                  Cancel
                </button>
                <button
                  aria-label={null}
                  disabled={undefined}
                  onBlur={[Function]}
                  onClick={[Function]}
                  onFocus={[Function]}
                  onMouseEnter={[Function]}
                  onMouseLeave={[Function]}
                  style={
                    Object {
                      "backgroundColor": "#168eea",
                      "border": "0.063rem solid transparent",
                      "borderRadius": "2rem",
                      "color": "#fff",
                      "cursor": "pointer",
                      "display": "inline-block",
                      "fontFamily": "\\"Roboto\\", sans-serif",
                      "fontSize": "1rem",
                      "fontWeight": 400,
                      "margin": "0",
                      "outline": "none",
                      "padding": "0.5rem 2rem",
                      "transition": "background-color 0.2s linear",
                    }
                  }
                >
                  Save Changes
                </button>
              </div>
            </form>
          </div>
        </div>
      </div>
      <div
        onClick={[Function]}
        style={
          Object {
            "backgroundColor": "rgba(50, 59, 67, 0.8)",
            "bottom": 0,
            "left": 0,
            "opacity": 1,
            "position": "absolute",
            "right": 0,
            "top": 0,
            "zIndex": 2000,
          }
        }
      />
    </div>
  </div>
</span>
`;

exports[`Snapshots EditEmail clicking on the edit link displays the modal 1`] = `
<span>
  <div
    style={
      Object {
        "maxWidth": "800px",
      }
    }
  >
    <div
      style={
        Object {
          "display": "flex",
          "justifyContent": "space-between",
        }
      }
    >
      <span
        style={
          Object {
            "color": "#59626a",
            "fontFamily": "\\"Roboto\\", sans-serif",
            "fontSize": "1rem",
            "fontWeight": 400,
          }
        }
      >
        Email address
      </span>
      <section>
        <span
          style={
            Object {
              "color": "#59626a",
              "fontFamily": "\\"Roboto\\", sans-serif",
              "fontSize": "1rem",
              "fontWeight": 400,
            }
          }
        >
          hello@bufferapp.com
        </span>
        <span
          style={
            Object {
              "marginLeft": "1rem",
            }
          }
        >
          <span
            style={
              Object {
                "color": "#59626a",
                "fontFamily": "\\"Roboto\\", sans-serif",
                "fontSize": "1rem",
                "fontWeight": 400,
              }
            }
          >
            <a
              href="#"
              onBlur={[Function]}
              onClick={[Function]}
              onFocus={[Function]}
              onMouseEnter={[Function]}
              onMouseLeave={[Function]}
              style={
                Object {
                  "color": "#168eea",
                  "fontFamily": "\\"Roboto\\", sans-serif",
                  "outline": "none",
                  "padding": "0",
                  "textDecoration": "none",
                }
              }
              target="_self"
            >
              Edit
            </a>
          </span>
        </span>
      </section>
    </div>
  </div>
</span>
`;
